2025-10-14 15:35:40 - worker - ERROR - Worker error: Worker error: Hugging Face token required for Pyannote diarization. Set HF_TOKEN environment variable or pass hf_token parameter.
Traceback (most recent call last):
  File "/home/sun/ai/project/asrdiarize/app/worker.py", line 180, in run_inference
    diarization_result = diarizer.diarize_audio(converted_path)
                         ^^^^^^^^^^^^^^^^^^^^^^^^^^^^^^^^^^^^^^
  File "/home/sun/ai/project/asrdiarize/app/hybrid_diarization.py", line 104, in diarize_audio
    self.load_model()
  File "/home/sun/ai/project/asrdiarize/app/hybrid_diarization.py", line 73, in load_model
    raise ValueError(
ValueError: Hugging Face token required for Pyannote diarization. Set HF_TOKEN environment variable or pass hf_token parameter.

2025-10-14 15:37:25 - worker - ERROR - Worker error: Worker error: Hugging Face token required for Pyannote diarization. Set HF_TOKEN environment variable or pass hf_token parameter.
Traceback (most recent call last):
  File "/home/sun/ai/project/asrdiarize/app/worker.py", line 180, in run_inference
    diarization_result = diarizer.diarize_audio(converted_path)
                         ^^^^^^^^^^^^^^^^^^^^^^^^^^^^^^^^^^^^^^
  File "/home/sun/ai/project/asrdiarize/app/hybrid_diarization.py", line 104, in diarize_audio
    self.load_model()
  File "/home/sun/ai/project/asrdiarize/app/hybrid_diarization.py", line 73, in load_model
    raise ValueError(
ValueError: Hugging Face token required for Pyannote diarization. Set HF_TOKEN environment variable or pass hf_token parameter.

2025-10-14 15:40:48 - worker - ERROR - Worker error: Worker error: Hugging Face token required for Pyannote diarization. Set HF_TOKEN environment variable or pass hf_token parameter.
Traceback (most recent call last):
  File "/home/sun/ai/project/asrdiarize/app/worker.py", line 181, in run_inference
    diarization_result = diarizer.diarize_audio(converted_path)
                         ^^^^^^^^^^^^^^^^^^^^^^^^^^^^^^^^^^^^^^
  File "/home/sun/ai/project/asrdiarize/app/hybrid_diarization.py", line 104, in diarize_audio
    self.load_model()
  File "/home/sun/ai/project/asrdiarize/app/hybrid_diarization.py", line 73, in load_model
    raise ValueError(
ValueError: Hugging Face token required for Pyannote diarization. Set HF_TOKEN environment variable or pass hf_token parameter.

2025-10-14 15:42:36 - worker - ERROR - Worker error: Worker error: Hugging Face token required for Pyannote diarization. Set HF_TOKEN environment variable or pass hf_token parameter.
Traceback (most recent call last):
  File "/home/sun/ai/project/asrdiarize/app/worker.py", line 183, in run_inference
    diarization_result = diarizer.diarize_audio(converted_path)
                         ^^^^^^^^^^^^^^^^^^^^^^^^^^^^^^^^^^^^^^
  File "/home/sun/ai/project/asrdiarize/app/hybrid_diarization.py", line 104, in diarize_audio
    self.load_model()
  File "/home/sun/ai/project/asrdiarize/app/hybrid_diarization.py", line 73, in load_model
    raise ValueError(
ValueError: Hugging Face token required for Pyannote diarization. Set HF_TOKEN environment variable or pass hf_token parameter.

2025-10-14 15:44:08 - worker - ERROR - Worker error: Worker error: Hugging Face token required for Pyannote diarization. Set HF_TOKEN environment variable or pass hf_token parameter.
Traceback (most recent call last):
  File "/home/sun/ai/project/asrdiarize/app/worker.py", line 186, in run_inference
    diarization_result = diarizer.diarize_audio(converted_path)
                         ^^^^^^^^^^^^^^^^^^^^^^^^^^^^^^^^^^^^^^
  File "/home/sun/ai/project/asrdiarize/app/hybrid_diarization.py", line 104, in diarize_audio
    self.load_model()
  File "/home/sun/ai/project/asrdiarize/app/hybrid_diarization.py", line 73, in load_model
    raise ValueError(
ValueError: Hugging Face token required for Pyannote diarization. Set HF_TOKEN environment variable or pass hf_token parameter.

2025-10-14 15:45:35 - worker - ERROR - Worker error: Worker error: Hugging Face token required for Pyannote diarization. Set HF_TOKEN environment variable or pass hf_token parameter.
Traceback (most recent call last):
  File "/home/sun/ai/project/asrdiarize/app/worker.py", line 186, in run_inference
    diarization_result = diarizer.diarize_audio(converted_path)
                         ^^^^^^^^^^^^^^^^^^^^^^^^^^^^^^^^^^^^^^
  File "/home/sun/ai/project/asrdiarize/app/hybrid_diarization.py", line 104, in diarize_audio
    self.load_model()
  File "/home/sun/ai/project/asrdiarize/app/hybrid_diarization.py", line 73, in load_model
    raise ValueError(
ValueError: Hugging Face token required for Pyannote diarization. Set HF_TOKEN environment variable or pass hf_token parameter.

2025-10-14 15:47:58 - worker - INFO - Merged 75 segments into 51 diarization-controlled segments
2025-10-14 22:06:46 - worker - INFO - Expected number of speakers: 2
2025-10-14 22:07:52 - worker - INFO - Merged 132 segments into 110 diarization-controlled segments
2025-10-15 07:48:06 - worker - INFO - Expected number of speakers: 2
2025-10-15 07:49:08 - worker - INFO - Merged 132 segments into 110 diarization-controlled segments
2025-10-15 07:53:22 - worker - INFO - Expected number of speakers: 2
2025-10-15 07:54:13 - worker - INFO - Merged 132 segments into 110 diarization-controlled segments
2025-10-15 08:26:07 - worker - INFO - Expected number of speakers: 2
2025-10-15 08:26:45 - worker - INFO - Merged 132 segments into 110 diarization-controlled segments
