--- searchWebPage Debug ---
URL: https://github.com/pyannote/pyannote-audio/issues/1741
Query: "pyannote.audio numpy 2.0 compatibility"
lowerText length: 44637
queryWords: [pyannote.audio, numpy, 2.0, compatibility]
anyWordPresent: true
--- End searchWebPage Debug ---

--- searchWebPage Debug ---
URL: https://numpy.org/doc/2.3/numpy_2_0_migration_guide.html
Query: "pyannote.audio numpy 2.0 compatibility"
lowerText length: 21845
queryWords: [pyannote.audio, numpy, 2.0, compatibility]
anyWordPresent: true
--- End searchWebPage Debug ---

--- searchWebPage Debug ---
URL: https://blog.gitcode.com/4d87e94499782fcbb2fa25076b18aede.html
Query: "pyannote.audio numpy 2.0 compatibility"
lowerText length: 85717
queryWords: [pyannote.audio, numpy, 2.0, compatibility]
anyWordPresent: true
--- End searchWebPage Debug ---

--- searchWebPage Debug ---
URL: https://pyannote.github.io/pyannote-audio/
Query: "pyannote.audio numpy 2.0 compatibility"
lowerText length: 1914
queryWords: [pyannote.audio, numpy, 2.0, compatibility]
anyWordPresent: true
--- End searchWebPage Debug ---

--- searchWebPage Debug ---
URL: https://github.com/pyannote/pyannote-audio/issues/1727
Query: "pyannote.audio numpy 2.0 compatibility"
lowerText length: 61153
queryWords: [pyannote.audio, numpy, 2.0, compatibility]
anyWordPresent: true
--- End searchWebPage Debug ---

--- searchWebPage Debug ---
URL: https://numpy.org/devdocs/release/2.0.0-notes.html
Query: "pyannote.audio numpy 2.0 compatibility"
lowerText length: 58095
queryWords: [pyannote.audio, numpy, 2.0, compatibility]
anyWordPresent: true
--- End searchWebPage Debug ---

--- searchWebPage Debug ---
URL: https://github.com/pyannote/pyannote-audio/issues/1758
Query: "pyannote.audio numpy 2.0 compatibility"
lowerText length: 50062
queryWords: [pyannote.audio, numpy, 2.0, compatibility]
anyWordPresent: true
--- End searchWebPage Debug ---

--- searchWebPage Debug ---
URL: https://github.com/pyannote/pyannote-audio/releases
Query: "pyannote.audio numpy 2.0 compatibility"
lowerText length: 45801
queryWords: [pyannote.audio, numpy, 2.0, compatibility]
anyWordPresent: true
--- End searchWebPage Debug ---

--- searchWebPage Debug ---
URL: https://github.com/pyannote/pyannote-audio
Query: "pyannote.audio numpy 2.0 compatibility"
lowerText length: 82334
queryWords: [pyannote.audio, numpy, 2.0, compatibility]
anyWordPresent: true
--- End searchWebPage Debug ---

--- searchWebPage Debug ---
URL: https://github.com/huggingface/dataspeech/issues/41
Query: "pyannote.audio numpy 2.0 compatibility"
lowerText length: 60485
queryWords: [pyannote.audio, numpy, 2.0, compatibility]
anyWordPresent: true
--- End searchWebPage Debug ---

--- searchWebPage Debug ---
URL: https://github.com/aleju/imgaug/issues/859
Query: "numpy 2.0 np.sctypes"
lowerText length: 72627
queryWords: [numpy, 2.0, np.sctypes]
anyWordPresent: true
--- End searchWebPage Debug ---

--- searchWebPage Debug ---
URL: https://github.com/wesselb/lab/issues/20
Query: "numpy 2.0 np.sctypes"
lowerText length: 61365
queryWords: [numpy, 2.0, np.sctypes]
anyWordPresent: true
--- End searchWebPage Debug ---

--- searchWebPage Debug ---
URL: https://github.com/Lightning-AI/litdata/issues/175
Query: "numpy 2.0 np.sctypes"
lowerText length: 86175
queryWords: [numpy, 2.0, np.sctypes]
anyWordPresent: true
--- End searchWebPage Debug ---

--- searchWebPage Debug ---
URL: https://numpy.org/doc/2.0/numpy_2_0_migration_guide.html
Query: "numpy 2.0 np.sctypes"
lowerText length: 24427
queryWords: [numpy, 2.0, np.sctypes]
anyWordPresent: true
--- End searchWebPage Debug ---

--- searchWebPage Debug ---
URL: https://huggingface.co/nvidia/parakeet-tdt-0.6b-v2/discussions/12
Query: "numpy 2.0 np.sctypes"
lowerText length: 13261
queryWords: [numpy, 2.0, np.sctypes]
anyWordPresent: true
--- End searchWebPage Debug ---

--- searchWebPage Debug ---
URL: https://stackoverflow.com/questions/78641150/a-module-that-was-compiled-using-numpy-1-x-cannot-be-run-in-numpy-2-0-0
Query: "numpy 2.0 np.sctypes"
lowerText length: 98979
queryWords: [numpy, 2.0, np.sctypes]
anyWordPresent: true
--- End searchWebPage Debug ---

--- searchWebPage Debug ---
URL: https://docs.astral.sh/ruff/rules/numpy2-deprecation/
Query: "numpy 2.0 np.sctypes"
lowerText length: 7954
queryWords: [numpy, 2.0, np.sctypes]
anyWordPresent: true
--- End searchWebPage Debug ---

--- searchWebPage Debug ---
URL: https://github.com/AI4Bharat/NeMo/issues/15
Query: "numpy 2.0 np.sctypes"
lowerText length: 80845
queryWords: [numpy, 2.0, np.sctypes]
anyWordPresent: true
--- End searchWebPage Debug ---

--- searchWebPage Debug ---
URL: https://github.com/numpy/numpy/issues/26778
Query: "numpy 2.0 np.sctypes"
lowerText length: 97012
queryWords: [numpy, 2.0, np.sctypes]
anyWordPresent: true
--- End searchWebPage Debug ---

--- searchWebPage Debug ---
URL: https://numpy.org/neps/nep-0052-python-api-cleanup.html
Query: "numpy 2.0 np.sctypes"
lowerText length: 17972
queryWords: [numpy, 2.0, np.sctypes]
anyWordPresent: true
--- End searchWebPage Debug ---

