2025-11-01 11:40:50 - worker - ERROR - Worker error: Worker error: No module named 'nemo'
Traceback (most recent call last):
  File "/home/sun/ai/project/asrdiarize/app/worker.py", line 83, in run_inference
    import nemo.collections.asr as nemo_asr
ModuleNotFoundError: No module named 'nemo'

2025-11-01 11:41:51 - worker - ERROR - Worker error: Worker error: [Errno 2] No such file or directory: '/tmp/test.wav'
Traceback (most recent call last):
  File "/home/sun/ai/project/asrdiarize/app/worker.py", line 137, in run_inference
    audio = AudioSegment.from_file(audio_path)
            ^^^^^^^^^^^^^^^^^^^^^^^^^^^^^^^^^^
  File "/home/sun/ai/project/asrdiarize/.venv/lib/python3.12/site-packages/pydub/audio_segment.py", line 651, in from_file
    file, close_file = _fd_or_path_or_tempfile(file, 'rb', tempfile=False)
                       ^^^^^^^^^^^^^^^^^^^^^^^^^^^^^^^^^^^^^^^^^^^^^^^^^^^
  File "/home/sun/ai/project/asrdiarize/.venv/lib/python3.12/site-packages/pydub/utils.py", line 60, in _fd_or_path_or_tempfile
    fd = open(fd, mode=mode)
         ^^^^^^^^^^^^^^^^^^^
FileNotFoundError: [Errno 2] No such file or directory: '/tmp/test.wav'

2025-11-01 11:44:29 - worker - INFO - Diarization disabled (diarize=false) - performing ASR only without speaker segmentation or diarization models
2025-11-01 11:44:31 - worker - WARNING - Error getting timestamps from ASR model, falling back to basic transcription: CUDA out of memory. Tried to allocate 1.32 GiB. GPU 0 has a total capacity of 15.47 GiB of which 855.56 MiB is free. Process 2646 has 474.68 MiB memory in use. Process 2650 has 347.78 MiB memory in use. Process 2647 has 474.68 MiB memory in use. Including non-PyTorch memory, this process has 11.80 GiB memory in use. Of the allocated memory 11.36 GiB is allocated by PyTorch, and 166.40 MiB is reserved by PyTorch but unallocated. If reserved but unallocated memory is large try setting PYTORCH_CUDA_ALLOC_CONF=expandable_segments:True to avoid fragmentation.  See documentation for Memory Management  (https://pytorch.org/docs/stable/notes/cuda.html#environment-variables)
2025-11-01 11:44:31 - worker - ERROR - Failed to perform basic ASR transcription: CUDA out of memory. Tried to allocate 1.02 GiB. GPU 0 has a total capacity of 15.47 GiB of which 855.56 MiB is free. Process 2646 has 474.68 MiB memory in use. Process 2650 has 347.78 MiB memory in use. Process 2647 has 474.68 MiB memory in use. Including non-PyTorch memory, this process has 11.80 GiB memory in use. Of the allocated memory 11.46 GiB is allocated by PyTorch, and 68.79 MiB is reserved by PyTorch but unallocated. If reserved but unallocated memory is large try setting PYTORCH_CUDA_ALLOC_CONF=expandable_segments:True to avoid fragmentation.  See documentation for Memory Management  (https://pytorch.org/docs/stable/notes/cuda.html#environment-variables)
2025-11-01 11:44:31 - worker - ERROR - Worker error: Worker error: ASR transcription failed: CUDA out of memory. Tried to allocate 1.02 GiB. GPU 0 has a total capacity of 15.47 GiB of which 855.56 MiB is free. Process 2646 has 474.68 MiB memory in use. Process 2650 has 347.78 MiB memory in use. Process 2647 has 474.68 MiB memory in use. Including non-PyTorch memory, this process has 11.80 GiB memory in use. Of the allocated memory 11.46 GiB is allocated by PyTorch, and 68.79 MiB is reserved by PyTorch but unallocated. If reserved but unallocated memory is large try setting PYTORCH_CUDA_ALLOC_CONF=expandable_segments:True to avoid fragmentation.  See documentation for Memory Management  (https://pytorch.org/docs/stable/notes/cuda.html#environment-variables)
Traceback (most recent call last):
  File "/home/sun/ai/project/asrdiarize/app/worker.py", line 260, in run_inference
    transcription_output = asr_model_instance.transcribe([converted_path], timestamps=True)
                           ^^^^^^^^^^^^^^^^^^^^^^^^^^^^^^^^^^^^^^^^^^^^^^^^^^^^^^^^^^^^^^^^
  File "/home/sun/ai/project/asrdiarize/.venv/lib/python3.12/site-packages/torch/utils/_contextlib.py", line 120, in decorate_context
    return func(*args, **kwargs)
           ^^^^^^^^^^^^^^^^^^^^^
  File "/home/sun/ai/project/asrdiarize/.venv/lib/python3.12/site-packages/nemo/collections/asr/models/rnnt_models.py", line 308, in transcribe
    return super().transcribe(
           ^^^^^^^^^^^^^^^^^^^
  File "/home/sun/ai/project/asrdiarize/.venv/lib/python3.12/site-packages/torch/utils/_contextlib.py", line 120, in decorate_context
    return func(*args, **kwargs)
           ^^^^^^^^^^^^^^^^^^^^^
  File "/home/sun/ai/project/asrdiarize/.venv/lib/python3.12/site-packages/nemo/collections/asr/parts/mixins/transcription.py", line 270, in transcribe
    for processed_outputs in generator:
  File "/home/sun/ai/project/asrdiarize/.venv/lib/python3.12/site-packages/nemo/collections/asr/parts/mixins/transcription.py", line 369, in transcribe_generator
    model_outputs = self._transcribe_forward(test_batch, transcribe_cfg)
                    ^^^^^^^^^^^^^^^^^^^^^^^^^^^^^^^^^^^^^^^^^^^^^^^^^^^^
  File "/home/sun/ai/project/asrdiarize/.venv/lib/python3.12/site-packages/nemo/collections/asr/models/rnnt_models.py", line 936, in _transcribe_forward
    encoded, encoded_len = self.forward(input_signal=batch[0], input_signal_length=batch[1])
                           ^^^^^^^^^^^^^^^^^^^^^^^^^^^^^^^^^^^^^^^^^^^^^^^^^^^^^^^^^^^^^^^^^
  File "/home/sun/ai/project/asrdiarize/.venv/lib/python3.12/site-packages/nemo/core/classes/common.py", line 1141, in wrapped_call
    outputs = wrapped(*args, **kwargs)
              ^^^^^^^^^^^^^^^^^^^^^^^^
  File "/home/sun/ai/project/asrdiarize/.venv/lib/python3.12/site-packages/nemo/collections/asr/models/rnnt_models.py", line 706, in forward
    encoded, encoded_len = self.encoder(audio_signal=processed_signal, length=processed_signal_length)
                           ^^^^^^^^^^^^^^^^^^^^^^^^^^^^^^^^^^^^^^^^^^^^^^^^^^^^^^^^^^^^^^^^^^^^^^^^^^^
  File "/home/sun/ai/project/asrdiarize/.venv/lib/python3.12/site-packages/torch/nn/modules/module.py", line 1773, in _wrapped_call_impl
    return self._call_impl(*args, **kwargs)
           ^^^^^^^^^^^^^^^^^^^^^^^^^^^^^^^^
  File "/home/sun/ai/project/asrdiarize/.venv/lib/python3.12/site-packages/torch/nn/modules/module.py", line 1784, in _call_impl
    return forward_call(*args, **kwargs)
           ^^^^^^^^^^^^^^^^^^^^^^^^^^^^^
  File "/home/sun/ai/project/asrdiarize/.venv/lib/python3.12/site-packages/nemo/core/classes/common.py", line 1141, in wrapped_call
    outputs = wrapped(*args, **kwargs)
              ^^^^^^^^^^^^^^^^^^^^^^^^
  File "/home/sun/ai/project/asrdiarize/.venv/lib/python3.12/site-packages/nemo/collections/asr/modules/conformer_encoder.py", line 584, in forward
    return self.forward_internal(
           ^^^^^^^^^^^^^^^^^^^^^^
  File "/home/sun/ai/project/asrdiarize/.venv/lib/python3.12/site-packages/nemo/collections/asr/modules/conformer_encoder.py", line 683, in forward_internal
    audio_signal = layer(
                   ^^^^^^
  File "/home/sun/ai/project/asrdiarize/.venv/lib/python3.12/site-packages/torch/nn/modules/module.py", line 1773, in _wrapped_call_impl
    return self._call_impl(*args, **kwargs)
           ^^^^^^^^^^^^^^^^^^^^^^^^^^^^^^^^
  File "/home/sun/ai/project/asrdiarize/.venv/lib/python3.12/site-packages/torch/nn/modules/module.py", line 1784, in _call_impl
    return forward_call(*args, **kwargs)
           ^^^^^^^^^^^^^^^^^^^^^^^^^^^^^
  File "/home/sun/ai/project/asrdiarize/.venv/lib/python3.12/site-packages/nemo/collections/asr/parts/submodules/conformer_modules.py", line 181, in forward
    x = self.self_attn(query=x, key=x, value=x, mask=att_mask, pos_emb=pos_emb, cache=cache_last_channel)
        ^^^^^^^^^^^^^^^^^^^^^^^^^^^^^^^^^^^^^^^^^^^^^^^^^^^^^^^^^^^^^^^^^^^^^^^^^^^^^^^^^^^^^^^^^^^^^^^^^
  File "/home/sun/ai/project/asrdiarize/.venv/lib/python3.12/site-packages/torch/nn/modules/module.py", line 1773, in _wrapped_call_impl
    return self._call_impl(*args, **kwargs)
           ^^^^^^^^^^^^^^^^^^^^^^^^^^^^^^^^
  File "/home/sun/ai/project/asrdiarize/.venv/lib/python3.12/site-packages/torch/nn/modules/module.py", line 1784, in _call_impl
    return forward_call(*args, **kwargs)
           ^^^^^^^^^^^^^^^^^^^^^^^^^^^^^
  File "/home/sun/ai/project/asrdiarize/.venv/lib/python3.12/site-packages/nemo/collections/asr/parts/submodules/multi_head_attention.py", line 349, in forward
    out = self.forward_attention(v, scores, mask)
          ^^^^^^^^^^^^^^^^^^^^^^^^^^^^^^^^^^^^^^^
  File "/home/sun/ai/project/asrdiarize/.venv/lib/python3.12/site-packages/nemo/collections/asr/parts/submodules/multi_head_attention.py", line 138, in forward_attention
    attn = torch.softmax(scores, dim=-1).masked_fill(mask, 0.0)  # (batch, head, time1, time2)
           ^^^^^^^^^^^^^^^^^^^^^^^^^^^^^
torch.OutOfMemoryError: CUDA out of memory. Tried to allocate 1.32 GiB. GPU 0 has a total capacity of 15.47 GiB of which 855.56 MiB is free. Process 2646 has 474.68 MiB memory in use. Process 2650 has 347.78 MiB memory in use. Process 2647 has 474.68 MiB memory in use. Including non-PyTorch memory, this process has 11.80 GiB memory in use. Of the allocated memory 11.36 GiB is allocated by PyTorch, and 166.40 MiB is reserved by PyTorch but unallocated. If reserved but unallocated memory is large try setting PYTORCH_CUDA_ALLOC_CONF=expandable_segments:True to avoid fragmentation.  See documentation for Memory Management  (https://pytorch.org/docs/stable/notes/cuda.html#environment-variables)

During handling of the above exception, another exception occurred:

Traceback (most recent call last):
  File "/home/sun/ai/project/asrdiarize/app/worker.py", line 295, in run_inference
    basic_output = asr_model_instance.transcribe([converted_path])
                   ^^^^^^^^^^^^^^^^^^^^^^^^^^^^^^^^^^^^^^^^^^^^^^^
  File "/home/sun/ai/project/asrdiarize/.venv/lib/python3.12/site-packages/torch/utils/_contextlib.py", line 120, in decorate_context
    return func(*args, **kwargs)
           ^^^^^^^^^^^^^^^^^^^^^
  File "/home/sun/ai/project/asrdiarize/.venv/lib/python3.12/site-packages/nemo/collections/asr/models/rnnt_models.py", line 308, in transcribe
    return super().transcribe(
           ^^^^^^^^^^^^^^^^^^^
  File "/home/sun/ai/project/asrdiarize/.venv/lib/python3.12/site-packages/torch/utils/_contextlib.py", line 120, in decorate_context
    return func(*args, **kwargs)
           ^^^^^^^^^^^^^^^^^^^^^
  File "/home/sun/ai/project/asrdiarize/.venv/lib/python3.12/site-packages/nemo/collections/asr/parts/mixins/transcription.py", line 270, in transcribe
    for processed_outputs in generator:
  File "/home/sun/ai/project/asrdiarize/.venv/lib/python3.12/site-packages/nemo/collections/asr/parts/mixins/transcription.py", line 369, in transcribe_generator
    model_outputs = self._transcribe_forward(test_batch, transcribe_cfg)
                    ^^^^^^^^^^^^^^^^^^^^^^^^^^^^^^^^^^^^^^^^^^^^^^^^^^^^
  File "/home/sun/ai/project/asrdiarize/.venv/lib/python3.12/site-packages/nemo/collections/asr/models/rnnt_models.py", line 936, in _transcribe_forward
    encoded, encoded_len = self.forward(input_signal=batch[0], input_signal_length=batch[1])
                           ^^^^^^^^^^^^^^^^^^^^^^^^^^^^^^^^^^^^^^^^^^^^^^^^^^^^^^^^^^^^^^^^^
  File "/home/sun/ai/project/asrdiarize/.venv/lib/python3.12/site-packages/nemo/core/classes/common.py", line 1141, in wrapped_call
    outputs = wrapped(*args, **kwargs)
              ^^^^^^^^^^^^^^^^^^^^^^^^
  File "/home/sun/ai/project/asrdiarize/.venv/lib/python3.12/site-packages/nemo/collections/asr/models/rnnt_models.py", line 706, in forward
    encoded, encoded_len = self.encoder(audio_signal=processed_signal, length=processed_signal_length)
                           ^^^^^^^^^^^^^^^^^^^^^^^^^^^^^^^^^^^^^^^^^^^^^^^^^^^^^^^^^^^^^^^^^^^^^^^^^^^
  File "/home/sun/ai/project/asrdiarize/.venv/lib/python3.12/site-packages/torch/nn/modules/module.py", line 1773, in _wrapped_call_impl
    return self._call_impl(*args, **kwargs)
           ^^^^^^^^^^^^^^^^^^^^^^^^^^^^^^^^
  File "/home/sun/ai/project/asrdiarize/.venv/lib/python3.12/site-packages/torch/nn/modules/module.py", line 1784, in _call_impl
    return forward_call(*args, **kwargs)
           ^^^^^^^^^^^^^^^^^^^^^^^^^^^^^
  File "/home/sun/ai/project/asrdiarize/.venv/lib/python3.12/site-packages/nemo/core/classes/common.py", line 1141, in wrapped_call
    outputs = wrapped(*args, **kwargs)
              ^^^^^^^^^^^^^^^^^^^^^^^^
  File "/home/sun/ai/project/asrdiarize/.venv/lib/python3.12/site-packages/nemo/collections/asr/modules/conformer_encoder.py", line 584, in forward
    return self.forward_internal(
           ^^^^^^^^^^^^^^^^^^^^^^
  File "/home/sun/ai/project/asrdiarize/.venv/lib/python3.12/site-packages/nemo/collections/asr/modules/conformer_encoder.py", line 633, in forward_internal
    audio_signal, length = self.pre_encode(x=audio_signal, lengths=length)
                           ^^^^^^^^^^^^^^^^^^^^^^^^^^^^^^^^^^^^^^^^^^^^^^^
  File "/home/sun/ai/project/asrdiarize/.venv/lib/python3.12/site-packages/torch/nn/modules/module.py", line 1773, in _wrapped_call_impl
    return self._call_impl(*args, **kwargs)
           ^^^^^^^^^^^^^^^^^^^^^^^^^^^^^^^^
  File "/home/sun/ai/project/asrdiarize/.venv/lib/python3.12/site-packages/torch/nn/modules/module.py", line 1784, in _call_impl
    return forward_call(*args, **kwargs)
           ^^^^^^^^^^^^^^^^^^^^^^^^^^^^^
  File "/home/sun/ai/project/asrdiarize/.venv/lib/python3.12/site-packages/nemo/collections/asr/parts/submodules/subsampling.py", line 424, in forward
    x, lengths = self.conv(x, lengths)
                 ^^^^^^^^^^^^^^^^^^^^^
  File "/home/sun/ai/project/asrdiarize/.venv/lib/python3.12/site-packages/torch/nn/modules/module.py", line 1773, in _wrapped_call_impl
    return self._call_impl(*args, **kwargs)
           ^^^^^^^^^^^^^^^^^^^^^^^^^^^^^^^^
  File "/home/sun/ai/project/asrdiarize/.venv/lib/python3.12/site-packages/torch/nn/modules/module.py", line 1784, in _call_impl
    return forward_call(*args, **kwargs)
           ^^^^^^^^^^^^^^^^^^^^^^^^^^^^^
  File "/home/sun/ai/project/asrdiarize/.venv/lib/python3.12/site-packages/nemo/collections/asr/parts/submodules/subsampling.py", line 738, in forward
    x = layer(x)
        ^^^^^^^^
  File "/home/sun/ai/project/asrdiarize/.venv/lib/python3.12/site-packages/torch/nn/modules/module.py", line 1773, in _wrapped_call_impl
    return self._call_impl(*args, **kwargs)
           ^^^^^^^^^^^^^^^^^^^^^^^^^^^^^^^^
  File "/home/sun/ai/project/asrdiarize/.venv/lib/python3.12/site-packages/torch/nn/modules/module.py", line 1784, in _call_impl
    return forward_call(*args, **kwargs)
           ^^^^^^^^^^^^^^^^^^^^^^^^^^^^^
  File "/home/sun/ai/project/asrdiarize/.venv/lib/python3.12/site-packages/torch/nn/modules/conv.py", line 548, in forward
    return self._conv_forward(input, self.weight, self.bias)
           ^^^^^^^^^^^^^^^^^^^^^^^^^^^^^^^^^^^^^^^^^^^^^^^^^
  File "/home/sun/ai/project/asrdiarize/.venv/lib/python3.12/site-packages/torch/nn/modules/conv.py", line 543, in _conv_forward
    return F.conv2d(
           ^^^^^^^^^
torch.OutOfMemoryError: CUDA out of memory. Tried to allocate 1.02 GiB. GPU 0 has a total capacity of 15.47 GiB of which 855.56 MiB is free. Process 2646 has 474.68 MiB memory in use. Process 2650 has 347.78 MiB memory in use. Process 2647 has 474.68 MiB memory in use. Including non-PyTorch memory, this process has 11.80 GiB memory in use. Of the allocated memory 11.46 GiB is allocated by PyTorch, and 68.79 MiB is reserved by PyTorch but unallocated. If reserved but unallocated memory is large try setting PYTORCH_CUDA_ALLOC_CONF=expandable_segments:True to avoid fragmentation.  See documentation for Memory Management  (https://pytorch.org/docs/stable/notes/cuda.html#environment-variables)

During handling of the above exception, another exception occurred:

Traceback (most recent call last):
  File "/home/sun/ai/project/asrdiarize/app/worker.py", line 307, in run_inference
    raise Exception(f"ASR transcription failed: {str(e2)}")
Exception: ASR transcription failed: CUDA out of memory. Tried to allocate 1.02 GiB. GPU 0 has a total capacity of 15.47 GiB of which 855.56 MiB is free. Process 2646 has 474.68 MiB memory in use. Process 2650 has 347.78 MiB memory in use. Process 2647 has 474.68 MiB memory in use. Including non-PyTorch memory, this process has 11.80 GiB memory in use. Of the allocated memory 11.46 GiB is allocated by PyTorch, and 68.79 MiB is reserved by PyTorch but unallocated. If reserved but unallocated memory is large try setting PYTORCH_CUDA_ALLOC_CONF=expandable_segments:True to avoid fragmentation.  See documentation for Memory Management  (https://pytorch.org/docs/stable/notes/cuda.html#environment-variables)

2025-11-01 11:47:39 - worker - INFO - Diarization disabled (diarize=false) - performing ASR only without speaker segmentation or diarization models
2025-11-01 11:47:39 - worker - WARNING - Error getting timestamps from ASR model, falling back to basic transcription: CUDA out of memory. Tried to allocate 1.32 GiB. GPU 0 has a total capacity of 15.47 GiB of which 1.01 GiB is free. Process 2646 has 414.68 MiB memory in use. Process 2650 has 347.78 MiB memory in use. Process 2647 has 414.68 MiB memory in use. Including non-PyTorch memory, this process has 11.80 GiB memory in use. Of the allocated memory 11.36 GiB is allocated by PyTorch, and 166.40 MiB is reserved by PyTorch but unallocated. If reserved but unallocated memory is large try setting PYTORCH_CUDA_ALLOC_CONF=expandable_segments:True to avoid fragmentation.  See documentation for Memory Management  (https://pytorch.org/docs/stable/notes/cuda.html#environment-variables)
2025-11-01 11:47:39 - worker - ERROR - Failed to perform basic ASR transcription: CUDA out of memory. Tried to allocate 1.02 GiB. GPU 0 has a total capacity of 15.47 GiB of which 1.01 GiB is free. Process 2646 has 414.68 MiB memory in use. Process 2650 has 347.78 MiB memory in use. Process 2647 has 414.68 MiB memory in use. Including non-PyTorch memory, this process has 11.80 GiB memory in use. Of the allocated memory 11.46 GiB is allocated by PyTorch, and 68.79 MiB is reserved by PyTorch but unallocated. If reserved but unallocated memory is large try setting PYTORCH_CUDA_ALLOC_CONF=expandable_segments:True to avoid fragmentation.  See documentation for Memory Management  (https://pytorch.org/docs/stable/notes/cuda.html#environment-variables)
2025-11-01 11:47:39 - worker - ERROR - Worker error: Worker error: ASR transcription failed: CUDA out of memory. Tried to allocate 1.02 GiB. GPU 0 has a total capacity of 15.47 GiB of which 1.01 GiB is free. Process 2646 has 414.68 MiB memory in use. Process 2650 has 347.78 MiB memory in use. Process 2647 has 414.68 MiB memory in use. Including non-PyTorch memory, this process has 11.80 GiB memory in use. Of the allocated memory 11.46 GiB is allocated by PyTorch, and 68.79 MiB is reserved by PyTorch but unallocated. If reserved but unallocated memory is large try setting PYTORCH_CUDA_ALLOC_CONF=expandable_segments:True to avoid fragmentation.  See documentation for Memory Management  (https://pytorch.org/docs/stable/notes/cuda.html#environment-variables)
Traceback (most recent call last):
  File "/home/sun/ai/project/asrdiarize/app/worker.py", line 260, in run_inference
    transcription_output = asr_model_instance.transcribe([converted_path], timestamps=True)
                           ^^^^^^^^^^^^^^^^^^^^^^^^^^^^^^^^^^^^^^^^^^^^^^^^^^^^^^^^^^^^^^^^
  File "/home/sun/ai/project/asrdiarize/.venv/lib/python3.12/site-packages/torch/utils/_contextlib.py", line 120, in decorate_context
    return func(*args, **kwargs)
           ^^^^^^^^^^^^^^^^^^^^^
  File "/home/sun/ai/project/asrdiarize/.venv/lib/python3.12/site-packages/nemo/collections/asr/models/rnnt_models.py", line 308, in transcribe
    return super().transcribe(
           ^^^^^^^^^^^^^^^^^^^
  File "/home/sun/ai/project/asrdiarize/.venv/lib/python3.12/site-packages/torch/utils/_contextlib.py", line 120, in decorate_context
    return func(*args, **kwargs)
           ^^^^^^^^^^^^^^^^^^^^^
  File "/home/sun/ai/project/asrdiarize/.venv/lib/python3.12/site-packages/nemo/collections/asr/parts/mixins/transcription.py", line 270, in transcribe
    for processed_outputs in generator:
  File "/home/sun/ai/project/asrdiarize/.venv/lib/python3.12/site-packages/nemo/collections/asr/parts/mixins/transcription.py", line 369, in transcribe_generator
    model_outputs = self._transcribe_forward(test_batch, transcribe_cfg)
                    ^^^^^^^^^^^^^^^^^^^^^^^^^^^^^^^^^^^^^^^^^^^^^^^^^^^^
  File "/home/sun/ai/project/asrdiarize/.venv/lib/python3.12/site-packages/nemo/collections/asr/models/rnnt_models.py", line 936, in _transcribe_forward
    encoded, encoded_len = self.forward(input_signal=batch[0], input_signal_length=batch[1])
                           ^^^^^^^^^^^^^^^^^^^^^^^^^^^^^^^^^^^^^^^^^^^^^^^^^^^^^^^^^^^^^^^^^
  File "/home/sun/ai/project/asrdiarize/.venv/lib/python3.12/site-packages/nemo/core/classes/common.py", line 1141, in wrapped_call
    outputs = wrapped(*args, **kwargs)
              ^^^^^^^^^^^^^^^^^^^^^^^^
  File "/home/sun/ai/project/asrdiarize/.venv/lib/python3.12/site-packages/nemo/collections/asr/models/rnnt_models.py", line 706, in forward
    encoded, encoded_len = self.encoder(audio_signal=processed_signal, length=processed_signal_length)
                           ^^^^^^^^^^^^^^^^^^^^^^^^^^^^^^^^^^^^^^^^^^^^^^^^^^^^^^^^^^^^^^^^^^^^^^^^^^^
  File "/home/sun/ai/project/asrdiarize/.venv/lib/python3.12/site-packages/torch/nn/modules/module.py", line 1773, in _wrapped_call_impl
    return self._call_impl(*args, **kwargs)
           ^^^^^^^^^^^^^^^^^^^^^^^^^^^^^^^^
  File "/home/sun/ai/project/asrdiarize/.venv/lib/python3.12/site-packages/torch/nn/modules/module.py", line 1784, in _call_impl
    return forward_call(*args, **kwargs)
           ^^^^^^^^^^^^^^^^^^^^^^^^^^^^^
  File "/home/sun/ai/project/asrdiarize/.venv/lib/python3.12/site-packages/nemo/core/classes/common.py", line 1141, in wrapped_call
    outputs = wrapped(*args, **kwargs)
              ^^^^^^^^^^^^^^^^^^^^^^^^
  File "/home/sun/ai/project/asrdiarize/.venv/lib/python3.12/site-packages/nemo/collections/asr/modules/conformer_encoder.py", line 584, in forward
    return self.forward_internal(
           ^^^^^^^^^^^^^^^^^^^^^^
  File "/home/sun/ai/project/asrdiarize/.venv/lib/python3.12/site-packages/nemo/collections/asr/modules/conformer_encoder.py", line 683, in forward_internal
    audio_signal = layer(
                   ^^^^^^
  File "/home/sun/ai/project/asrdiarize/.venv/lib/python3.12/site-packages/torch/nn/modules/module.py", line 1773, in _wrapped_call_impl
    return self._call_impl(*args, **kwargs)
           ^^^^^^^^^^^^^^^^^^^^^^^^^^^^^^^^
  File "/home/sun/ai/project/asrdiarize/.venv/lib/python3.12/site-packages/torch/nn/modules/module.py", line 1784, in _call_impl
    return forward_call(*args, **kwargs)
           ^^^^^^^^^^^^^^^^^^^^^^^^^^^^^
  File "/home/sun/ai/project/asrdiarize/.venv/lib/python3.12/site-packages/nemo/collections/asr/parts/submodules/conformer_modules.py", line 181, in forward
    x = self.self_attn(query=x, key=x, value=x, mask=att_mask, pos_emb=pos_emb, cache=cache_last_channel)
        ^^^^^^^^^^^^^^^^^^^^^^^^^^^^^^^^^^^^^^^^^^^^^^^^^^^^^^^^^^^^^^^^^^^^^^^^^^^^^^^^^^^^^^^^^^^^^^^^^
  File "/home/sun/ai/project/asrdiarize/.venv/lib/python3.12/site-packages/torch/nn/modules/module.py", line 1773, in _wrapped_call_impl
    return self._call_impl(*args, **kwargs)
           ^^^^^^^^^^^^^^^^^^^^^^^^^^^^^^^^
  File "/home/sun/ai/project/asrdiarize/.venv/lib/python3.12/site-packages/torch/nn/modules/module.py", line 1784, in _call_impl
    return forward_call(*args, **kwargs)
           ^^^^^^^^^^^^^^^^^^^^^^^^^^^^^
  File "/home/sun/ai/project/asrdiarize/.venv/lib/python3.12/site-packages/nemo/collections/asr/parts/submodules/multi_head_attention.py", line 349, in forward
    out = self.forward_attention(v, scores, mask)
          ^^^^^^^^^^^^^^^^^^^^^^^^^^^^^^^^^^^^^^^
  File "/home/sun/ai/project/asrdiarize/.venv/lib/python3.12/site-packages/nemo/collections/asr/parts/submodules/multi_head_attention.py", line 138, in forward_attention
    attn = torch.softmax(scores, dim=-1).masked_fill(mask, 0.0)  # (batch, head, time1, time2)
           ^^^^^^^^^^^^^^^^^^^^^^^^^^^^^
torch.OutOfMemoryError: CUDA out of memory. Tried to allocate 1.32 GiB. GPU 0 has a total capacity of 15.47 GiB of which 1.01 GiB is free. Process 2646 has 414.68 MiB memory in use. Process 2650 has 347.78 MiB memory in use. Process 2647 has 414.68 MiB memory in use. Including non-PyTorch memory, this process has 11.80 GiB memory in use. Of the allocated memory 11.36 GiB is allocated by PyTorch, and 166.40 MiB is reserved by PyTorch but unallocated. If reserved but unallocated memory is large try setting PYTORCH_CUDA_ALLOC_CONF=expandable_segments:True to avoid fragmentation.  See documentation for Memory Management  (https://pytorch.org/docs/stable/notes/cuda.html#environment-variables)

During handling of the above exception, another exception occurred:

Traceback (most recent call last):
  File "/home/sun/ai/project/asrdiarize/app/worker.py", line 295, in run_inference
    basic_output = asr_model_instance.transcribe([converted_path])
                   ^^^^^^^^^^^^^^^^^^^^^^^^^^^^^^^^^^^^^^^^^^^^^^^
  File "/home/sun/ai/project/asrdiarize/.venv/lib/python3.12/site-packages/torch/utils/_contextlib.py", line 120, in decorate_context
    return func(*args, **kwargs)
           ^^^^^^^^^^^^^^^^^^^^^
  File "/home/sun/ai/project/asrdiarize/.venv/lib/python3.12/site-packages/nemo/collections/asr/models/rnnt_models.py", line 308, in transcribe
    return super().transcribe(
           ^^^^^^^^^^^^^^^^^^^
  File "/home/sun/ai/project/asrdiarize/.venv/lib/python3.12/site-packages/torch/utils/_contextlib.py", line 120, in decorate_context
    return func(*args, **kwargs)
           ^^^^^^^^^^^^^^^^^^^^^
  File "/home/sun/ai/project/asrdiarize/.venv/lib/python3.12/site-packages/nemo/collections/asr/parts/mixins/transcription.py", line 270, in transcribe
    for processed_outputs in generator:
  File "/home/sun/ai/project/asrdiarize/.venv/lib/python3.12/site-packages/nemo/collections/asr/parts/mixins/transcription.py", line 369, in transcribe_generator
    model_outputs = self._transcribe_forward(test_batch, transcribe_cfg)
                    ^^^^^^^^^^^^^^^^^^^^^^^^^^^^^^^^^^^^^^^^^^^^^^^^^^^^
  File "/home/sun/ai/project/asrdiarize/.venv/lib/python3.12/site-packages/nemo/collections/asr/models/rnnt_models.py", line 936, in _transcribe_forward
    encoded, encoded_len = self.forward(input_signal=batch[0], input_signal_length=batch[1])
                           ^^^^^^^^^^^^^^^^^^^^^^^^^^^^^^^^^^^^^^^^^^^^^^^^^^^^^^^^^^^^^^^^^
  File "/home/sun/ai/project/asrdiarize/.venv/lib/python3.12/site-packages/nemo/core/classes/common.py", line 1141, in wrapped_call
    outputs = wrapped(*args, **kwargs)
              ^^^^^^^^^^^^^^^^^^^^^^^^
  File "/home/sun/ai/project/asrdiarize/.venv/lib/python3.12/site-packages/nemo/collections/asr/models/rnnt_models.py", line 706, in forward
    encoded, encoded_len = self.encoder(audio_signal=processed_signal, length=processed_signal_length)
                           ^^^^^^^^^^^^^^^^^^^^^^^^^^^^^^^^^^^^^^^^^^^^^^^^^^^^^^^^^^^^^^^^^^^^^^^^^^^
  File "/home/sun/ai/project/asrdiarize/.venv/lib/python3.12/site-packages/torch/nn/modules/module.py", line 1773, in _wrapped_call_impl
    return self._call_impl(*args, **kwargs)
           ^^^^^^^^^^^^^^^^^^^^^^^^^^^^^^^^
  File "/home/sun/ai/project/asrdiarize/.venv/lib/python3.12/site-packages/torch/nn/modules/module.py", line 1784, in _call_impl
    return forward_call(*args, **kwargs)
           ^^^^^^^^^^^^^^^^^^^^^^^^^^^^^
  File "/home/sun/ai/project/asrdiarize/.venv/lib/python3.12/site-packages/nemo/core/classes/common.py", line 1141, in wrapped_call
    outputs = wrapped(*args, **kwargs)
              ^^^^^^^^^^^^^^^^^^^^^^^^
  File "/home/sun/ai/project/asrdiarize/.venv/lib/python3.12/site-packages/nemo/collections/asr/modules/conformer_encoder.py", line 584, in forward
    return self.forward_internal(
           ^^^^^^^^^^^^^^^^^^^^^^
  File "/home/sun/ai/project/asrdiarize/.venv/lib/python3.12/site-packages/nemo/collections/asr/modules/conformer_encoder.py", line 633, in forward_internal
    audio_signal, length = self.pre_encode(x=audio_signal, lengths=length)
                           ^^^^^^^^^^^^^^^^^^^^^^^^^^^^^^^^^^^^^^^^^^^^^^^
  File "/home/sun/ai/project/asrdiarize/.venv/lib/python3.12/site-packages/torch/nn/modules/module.py", line 1773, in _wrapped_call_impl
    return self._call_impl(*args, **kwargs)
           ^^^^^^^^^^^^^^^^^^^^^^^^^^^^^^^^
  File "/home/sun/ai/project/asrdiarize/.venv/lib/python3.12/site-packages/torch/nn/modules/module.py", line 1784, in _call_impl
    return forward_call(*args, **kwargs)
           ^^^^^^^^^^^^^^^^^^^^^^^^^^^^^
  File "/home/sun/ai/project/asrdiarize/.venv/lib/python3.12/site-packages/nemo/collections/asr/parts/submodules/subsampling.py", line 424, in forward
    x, lengths = self.conv(x, lengths)
                 ^^^^^^^^^^^^^^^^^^^^^
  File "/home/sun/ai/project/asrdiarize/.venv/lib/python3.12/site-packages/torch/nn/modules/module.py", line 1773, in _wrapped_call_impl
    return self._call_impl(*args, **kwargs)
           ^^^^^^^^^^^^^^^^^^^^^^^^^^^^^^^^
  File "/home/sun/ai/project/asrdiarize/.venv/lib/python3.12/site-packages/torch/nn/modules/module.py", line 1784, in _call_impl
    return forward_call(*args, **kwargs)
           ^^^^^^^^^^^^^^^^^^^^^^^^^^^^^
  File "/home/sun/ai/project/asrdiarize/.venv/lib/python3.12/site-packages/nemo/collections/asr/parts/submodules/subsampling.py", line 738, in forward
    x = layer(x)
        ^^^^^^^^
  File "/home/sun/ai/project/asrdiarize/.venv/lib/python3.12/site-packages/torch/nn/modules/module.py", line 1773, in _wrapped_call_impl
    return self._call_impl(*args, **kwargs)
           ^^^^^^^^^^^^^^^^^^^^^^^^^^^^^^^^
  File "/home/sun/ai/project/asrdiarize/.venv/lib/python3.12/site-packages/torch/nn/modules/module.py", line 1784, in _call_impl
    return forward_call(*args, **kwargs)
           ^^^^^^^^^^^^^^^^^^^^^^^^^^^^^
  File "/home/sun/ai/project/asrdiarize/.venv/lib/python3.12/site-packages/torch/nn/modules/conv.py", line 548, in forward
    return self._conv_forward(input, self.weight, self.bias)
           ^^^^^^^^^^^^^^^^^^^^^^^^^^^^^^^^^^^^^^^^^^^^^^^^^
  File "/home/sun/ai/project/asrdiarize/.venv/lib/python3.12/site-packages/torch/nn/modules/conv.py", line 543, in _conv_forward
    return F.conv2d(
           ^^^^^^^^^
torch.OutOfMemoryError: CUDA out of memory. Tried to allocate 1.02 GiB. GPU 0 has a total capacity of 15.47 GiB of which 1.01 GiB is free. Process 2646 has 414.68 MiB memory in use. Process 2650 has 347.78 MiB memory in use. Process 2647 has 414.68 MiB memory in use. Including non-PyTorch memory, this process has 11.80 GiB memory in use. Of the allocated memory 11.46 GiB is allocated by PyTorch, and 68.79 MiB is reserved by PyTorch but unallocated. If reserved but unallocated memory is large try setting PYTORCH_CUDA_ALLOC_CONF=expandable_segments:True to avoid fragmentation.  See documentation for Memory Management  (https://pytorch.org/docs/stable/notes/cuda.html#environment-variables)

During handling of the above exception, another exception occurred:

Traceback (most recent call last):
  File "/home/sun/ai/project/asrdiarize/app/worker.py", line 307, in run_inference
    raise Exception(f"ASR transcription failed: {str(e2)}")
Exception: ASR transcription failed: CUDA out of memory. Tried to allocate 1.02 GiB. GPU 0 has a total capacity of 15.47 GiB of which 1.01 GiB is free. Process 2646 has 414.68 MiB memory in use. Process 2650 has 347.78 MiB memory in use. Process 2647 has 414.68 MiB memory in use. Including non-PyTorch memory, this process has 11.80 GiB memory in use. Of the allocated memory 11.46 GiB is allocated by PyTorch, and 68.79 MiB is reserved by PyTorch but unallocated. If reserved but unallocated memory is large try setting PYTORCH_CUDA_ALLOC_CONF=expandable_segments:True to avoid fragmentation.  See documentation for Memory Management  (https://pytorch.org/docs/stable/notes/cuda.html#environment-variables)

